Hello, Firstname! 👋 Welcome to BotName.

I'm here to assist you in scheduling, announcing, and joining exciting bike trips with your community.

Here are some of the things I can do:

🔹 Create new bike trip announcements.
🔹 Display a list of upcoming trips.
🔹 Subscribe you to a bike trip.
🔹 Provide outfit and SPF recommendations based on the weather.
🔹 Show a list of bike trips you've subscribed to.

To get started and see more detailed instructions, use /help command.

Happy cycling and let's embark on this journey together, Firstname! 🚴‍♂️
